== fill_gap starting at 2026-04-08T13:03:49.989040 ==
DB: D:\work\personal\stock-prediction-system\data\dse_history.db
Today: 2026-04-08
Cutoff override: (per-ticker MAX(date))
Tickers to process: 398
[1/398] 1JANATAMF: +45 rows (2026-01-21 -> 2026-04-07)
[2/398] 1STPRIMFMF: +45 rows (2026-01-21 -> 2026-04-07)
[3/398] AAMRANET: +45 rows (2026-01-21 -> 2026-04-07)
[4/398] AAMRATECH: +45 rows (2026-01-21 -> 2026-04-07)
[5/398] ABB1STMF: +45 rows (2026-01-21 -> 2026-04-07)
[6/398] ABBANK: +45 rows (2026-01-21 -> 2026-04-07)
[7/398] ABBLPBOND: +45 rows (2026-01-21 -> 2026-04-07)
[8/398] ACFL: +45 rows (2026-01-21 -> 2026-04-07)
[9/398] ACI: +45 rows (2026-01-21 -> 2026-04-07)
[10/398] ACIFORMULA: +45 rows (2026-01-21 -> 2026-04-07)
[11/398] ACMELAB: +45 rows (2026-01-21 -> 2026-04-07)
[12/398] ACMEPL: +45 rows (2026-01-21 -> 2026-04-07)
[13/398] ACTIVEFINE: +45 rows (2026-01-21 -> 2026-04-07)
[14/398] ADNTEL: +45 rows (2026-01-21 -> 2026-04-07)
[15/398] ADVENT: +45 rows (2026-01-21 -> 2026-04-07)
[16/398] AFCAGRO: +45 rows (2026-01-21 -> 2026-04-07)
[17/398] AFTABAUTO: +45 rows (2026-01-21 -> 2026-04-07)
[18/398] AGNISYSL: +45 rows (2026-01-21 -> 2026-04-07)
[19/398] AGRANINS: +45 rows (2026-01-21 -> 2026-04-07)
[20/398] AIBL1STIMF: +45 rows (2026-01-21 -> 2026-04-07)
[21/398] AIL: +45 rows (2026-01-21 -> 2026-04-07)
[22/398] AL-HAJTEX: +45 rows (2026-01-21 -> 2026-04-07)
[23/398] ALARABANK: +45 rows (2026-01-21 -> 2026-04-07)
[24/398] ALIF: +45 rows (2026-01-21 -> 2026-04-07)
[25/398] ALLTEX: +45 rows (2026-01-21 -> 2026-04-07)
[26/398] AMANFEED: +45 rows (2026-01-21 -> 2026-04-07)
[27/398] AMBEEPHA: +45 rows (2026-01-21 -> 2026-04-07)
[28/398] AMCL(PRAN): +45 rows (2026-01-21 -> 2026-04-07)
[29/398] ANLIMAYARN: +45 rows (2026-01-21 -> 2026-04-07)
[30/398] ANWARGALV: +45 rows (2026-01-21 -> 2026-04-07)
[31/398] AOL: +45 rows (2026-01-21 -> 2026-04-07)
[32/398] APEXFOODS: +45 rows (2026-01-21 -> 2026-04-07)
[33/398] APEXFOOT: +45 rows (2026-01-21 -> 2026-04-07)
[34/398] APEXSPINN: +45 rows (2026-01-21 -> 2026-04-07)
[35/398] APEXTANRY: +45 rows (2026-01-21 -> 2026-04-07)
[36/398] APOLOISPAT: +45 rows (2026-01-21 -> 2026-04-07)
[37/398] APSCLBOND: +45 rows (2026-01-21 -> 2026-04-07)
[38/398] ARAMIT: +45 rows (2026-01-21 -> 2026-04-07)
[39/398] ARAMITCEM: +45 rows (2026-01-21 -> 2026-04-07)
[40/398] ARGONDENIM: +45 rows (2026-01-21 -> 2026-04-07)
[41/398] ASIAINS: +45 rows (2026-01-21 -> 2026-04-07)
[42/398] ASIAPACINS: +45 rows (2026-01-21 -> 2026-04-07)
[43/398] ATCSLGF: +34 rows (2026-01-21 -> 2026-03-15)
[44/398] ATLASBANG: +45 rows (2026-01-21 -> 2026-04-07)
[45/398] AZIZPIPES: +45 rows (2026-01-21 -> 2026-04-07)
[46/398] BANGAS: +45 rows (2026-01-21 -> 2026-04-07)
[47/398] BANKASI1PB: +45 rows (2026-01-21 -> 2026-04-07)
[48/398] BANKASIA: +45 rows (2026-01-21 -> 2026-04-07)
[49/398] BARKAPOWER: +45 rows (2026-01-21 -> 2026-04-07)
[50/398] BATASHOE: +45 rows (2026-01-21 -> 2026-04-07)
[51/398] BATBC: +45 rows (2026-01-21 -> 2026-04-07)
[52/398] BAYLEASING: +45 rows (2026-01-21 -> 2026-04-07)
[53/398] BBS: +45 rows (2026-01-21 -> 2026-04-07)
[54/398] BBSCABLES: +45 rows (2026-01-21 -> 2026-04-07)
[55/398] BDAUTOCA: +45 rows (2026-01-21 -> 2026-04-07)
[56/398] BDCOM: +45 rows (2026-01-21 -> 2026-04-07)
[57/398] BDFINANCE: +45 rows (2026-01-21 -> 2026-04-07)
[58/398] BDLAMPS: +45 rows (2026-01-21 -> 2026-04-07)
[59/398] BDTHAI: +45 rows (2026-01-21 -> 2026-04-07)
[60/398] BDTHAIFOOD: +45 rows (2026-01-21 -> 2026-04-07)
[61/398] BDWELDING: +45 rows (2026-01-21 -> 2026-04-07)
[62/398] BEACHHATCH: +45 rows (2026-01-21 -> 2026-04-07)
[63/398] BEACONPHAR: +45 rows (2026-01-21 -> 2026-04-07)
[64/398] BENGALWTL: +45 rows (2026-01-21 -> 2026-04-07)
[65/398] BERGERPBL: +45 rows (2026-01-21 -> 2026-04-07)
[66/398] BESTHLDNG: +45 rows (2026-01-21 -> 2026-04-07)
[67/398] BEXGSUKUK: +45 rows (2026-01-21 -> 2026-04-07)
[68/398] BEXIMCO: +45 rows (2026-01-21 -> 2026-04-07)
[69/398] BGIC: +45 rows (2026-01-21 -> 2026-04-07)
[70/398] BIFC: +45 rows (2026-01-21 -> 2026-04-07)
[71/398] BNICL: +45 rows (2026-01-21 -> 2026-04-07)
[72/398] BPML: +45 rows (2026-01-21 -> 2026-04-07)
[73/398] BPPL: +45 rows (2026-01-21 -> 2026-04-07)
[74/398] BRACBANK: +45 rows (2026-01-21 -> 2026-04-07)
[75/398] BSC: +45 rows (2026-01-21 -> 2026-04-07)
[76/398] BSCCL: nothing newer than 2024-05-20
[77/398] BSRMLTD: +45 rows (2026-01-21 -> 2026-04-07)
[78/398] BSRMSTEEL: +45 rows (2026-01-21 -> 2026-04-07)
[79/398] BXPHARMA: +45 rows (2026-01-21 -> 2026-04-07)
[80/398] CAPITECGBF: +45 rows (2026-01-21 -> 2026-04-07)
[81/398] CAPMBDBLMF: +45 rows (2026-01-21 -> 2026-04-07)
[82/398] CAPMIBBLMF: +45 rows (2026-01-21 -> 2026-04-07)
[83/398] CBLPBOND: +45 rows (2026-01-21 -> 2026-04-07)
[84/398] CENTRALINS: +45 rows (2026-01-21 -> 2026-04-07)
[85/398] CENTRALPHL: +45 rows (2026-01-21 -> 2026-04-07)
[86/398] CITYBANK: +45 rows (2026-01-21 -> 2026-04-07)
[87/398] CITYGENINS: +45 rows (2026-01-21 -> 2026-04-07)
[88/398] CLICL: +45 rows (2026-01-21 -> 2026-04-07)
[89/398] CNATEX: +45 rows (2026-01-21 -> 2026-04-07)
[90/398] CONFIDCEM: +45 rows (2026-01-21 -> 2026-04-07)
[91/398] CONTININS: +45 rows (2026-01-21 -> 2026-04-07)
[92/398] COPPERTECH: +45 rows (2026-01-21 -> 2026-04-07)
[93/398] CROWNCEMNT: +45 rows (2026-01-21 -> 2026-04-07)
[94/398] CRYSTALINS: +45 rows (2026-01-21 -> 2026-04-07)
[95/398] CVOPRL: +45 rows (2026-01-21 -> 2026-04-07)
[96/398] DACCADYE: +45 rows (2026-01-21 -> 2026-04-07)
[97/398] DAFODILCOM: +45 rows (2026-01-21 -> 2026-04-07)
[98/398] DBH: +45 rows (2026-01-21 -> 2026-04-07)
[99/398] DBH1STMF: +45 rows (2026-01-21 -> 2026-04-07)
[100/398] DBLPBOND: +45 rows (2026-01-21 -> 2026-04-07)
[101/398] DELTALIFE: +45 rows (2026-01-21 -> 2026-04-07)
[102/398] DELTASPINN: +45 rows (2026-01-21 -> 2026-04-07)
[103/398] DESCO: +45 rows (2026-01-21 -> 2026-04-07)
[104/398] DESHBANDHU: +45 rows (2026-01-21 -> 2026-04-07)
[105/398] DGIC: +45 rows (2026-01-21 -> 2026-04-07)
[106/398] DHAKABANK: +45 rows (2026-01-21 -> 2026-04-07)
[107/398] DHAKAINS: +45 rows (2026-01-21 -> 2026-04-07)
[108/398] DOMINAGE: +45 rows (2026-01-21 -> 2026-04-07)
[109/398] DOREENPWR: +45 rows (2026-01-21 -> 2026-04-07)
[110/398] DSHGARME: +45 rows (2026-01-21 -> 2026-04-07)
[111/398] DSSL: +45 rows (2026-01-21 -> 2026-04-07)
[112/398] DULAMIACOT: +45 rows (2026-01-21 -> 2026-04-07)
[113/398] DUTCHBANGL: +45 rows (2026-01-21 -> 2026-04-07)
[114/398] EASTERNINS: +45 rows (2026-01-21 -> 2026-04-07)
[115/398] EASTLAND: +45 rows (2026-01-21 -> 2026-04-07)
[116/398] EASTRNLUB: +45 rows (2026-01-21 -> 2026-04-07)
[117/398] EBL: +45 rows (2026-01-21 -> 2026-04-07)
[118/398] EBL1STMF: +45 rows (2026-01-21 -> 2026-04-07)
[119/398] EBLNRBMF: +45 rows (2026-01-21 -> 2026-04-07)
[120/398] ECABLES: +45 rows (2026-01-21 -> 2026-04-07)
[121/398] EGEN: +45 rows (2026-01-21 -> 2026-04-07)
[122/398] EHL: +45 rows (2026-01-21 -> 2026-04-07)
[123/398] EIL: +45 rows (2026-01-21 -> 2026-04-07)
[124/398] EMERALDOIL: +45 rows (2026-01-21 -> 2026-04-07)
[125/398] ENVOYTEX: +45 rows (2026-01-21 -> 2026-04-07)
[126/398] EPGL: +45 rows (2026-01-21 -> 2026-04-07)
[127/398] ESQUIRENIT: +45 rows (2026-01-21 -> 2026-04-07)
[128/398] ETL: +45 rows (2026-01-21 -> 2026-04-07)
[129/398] EXIM1STMF: +45 rows (2026-01-21 -> 2026-04-07)
[130/398] EXIMBANK: +45 rows (2026-01-21 -> 2026-04-07)
[131/398] FAMILYTEX: +45 rows (2026-01-21 -> 2026-04-07)
[132/398] FARCHEM: +45 rows (2026-01-21 -> 2026-04-07)
[133/398] FAREASTFIN: +45 rows (2026-01-21 -> 2026-04-07)
[134/398] FAREASTLIF: +45 rows (2026-01-21 -> 2026-04-07)
[135/398] FASFIN: +45 rows (2026-01-21 -> 2026-04-07)
[136/398] FBFIF: +45 rows (2026-01-21 -> 2026-04-07)
[137/398] FEDERALINS: +45 rows (2026-01-21 -> 2026-04-07)
[138/398] FEKDIL: +45 rows (2026-01-21 -> 2026-04-07)
[139/398] FINEFOODS: +45 rows (2026-01-21 -> 2026-04-07)
[140/398] FIRSTFIN: +45 rows (2026-01-21 -> 2026-04-07)
[141/398] FIRSTSBANK: +45 rows (2026-01-21 -> 2026-04-07)
[142/398] FORTUNE: +45 rows (2026-01-21 -> 2026-04-07)
[143/398] FUWANGCER: +45 rows (2026-01-21 -> 2026-04-07)
[144/398] FUWANGFOOD: +45 rows (2026-01-21 -> 2026-04-07)
[145/398] GBBPOWER: +45 rows (2026-01-21 -> 2026-04-07)
[146/398] GEMINISEA: +45 rows (2026-01-21 -> 2026-04-07)
[147/398] GENEXIL: +45 rows (2026-01-21 -> 2026-04-07)
[148/398] GENNEXT: +45 rows (2026-01-21 -> 2026-04-07)
[149/398] GHAIL: +45 rows (2026-01-21 -> 2026-04-07)
[150/398] GHCL: +45 rows (2026-01-21 -> 2026-04-07)
[151/398] GIB: +45 rows (2026-01-21 -> 2026-04-07)
[152/398] GLDNJMF: +45 rows (2026-01-21 -> 2026-04-07)
[153/398] GLOBALINS: +45 rows (2026-01-21 -> 2026-04-07)
[154/398] GOLDENSON: +45 rows (2026-01-21 -> 2026-04-07)
[155/398] GP: nothing newer than 2026-04-07
[156/398] GPHISPAT: +45 rows (2026-01-21 -> 2026-04-07)
[157/398] GQBALLPEN: +45 rows (2026-01-21 -> 2026-04-07)
[158/398] GRAMEENS2: +45 rows (2026-01-21 -> 2026-04-07)
[159/398] GREENDELMF: +45 rows (2026-01-21 -> 2026-04-07)
[160/398] GREENDELT: +45 rows (2026-01-21 -> 2026-04-07)
[161/398] GSPFINANCE: +45 rows (2026-01-21 -> 2026-04-07)
[162/398] HAKKANIPUL: +45 rows (2026-01-21 -> 2026-04-07)
[163/398] HEIDELBCEM: +45 rows (2026-01-21 -> 2026-04-07)
[164/398] HFL: +45 rows (2026-01-21 -> 2026-04-07)
[165/398] HRTEX: +45 rows (2026-01-21 -> 2026-04-07)
[166/398] HWAWELLTEX: +45 rows (2026-01-21 -> 2026-04-07)
[167/398] IBNSINA: +45 rows (2026-01-21 -> 2026-04-07)
[168/398] IBP: +45 rows (2026-01-21 -> 2026-04-07)
[169/398] ICB: +45 rows (2026-01-21 -> 2026-04-07)
[170/398] ICB3RDNRB: +45 rows (2026-01-21 -> 2026-04-07)
[171/398] ICBAGRANI1: +45 rows (2026-01-21 -> 2026-04-07)
[172/398] ICBAMCL2ND: +45 rows (2026-01-21 -> 2026-04-07)
[173/398] ICBEPMF1S1: +45 rows (2026-01-21 -> 2026-04-07)
[174/398] ICBIBANK: +45 rows (2026-01-21 -> 2026-04-07)
[175/398] ICBSONALI1: +45 rows (2026-01-21 -> 2026-04-07)
[176/398] ICICL: +45 rows (2026-01-21 -> 2026-04-07)
[177/398] IDLC: +45 rows (2026-01-21 -> 2026-04-07)
[178/398] IFADAUTOS: +45 rows (2026-01-21 -> 2026-04-07)
[179/398] IFIC: +45 rows (2026-01-21 -> 2026-04-07)
[180/398] IFIC1STMF: +45 rows (2026-01-21 -> 2026-04-07)
[181/398] IFILISLMF1: +45 rows (2026-01-21 -> 2026-04-07)
[182/398] ILFSL: +45 rows (2026-01-21 -> 2026-04-07)
list index out of range
[183/398] IMAMBUTTON: no data returned
[184/398] INDEXAGRO: +45 rows (2026-01-21 -> 2026-04-07)
[185/398] INTECH: +45 rows (2026-01-21 -> 2026-04-07)
[186/398] INTRACO: +45 rows (2026-01-21 -> 2026-04-07)
[187/398] IPDC: +45 rows (2026-01-21 -> 2026-04-07)
[188/398] ISLAMIBANK: +45 rows (2026-01-21 -> 2026-04-07)
[189/398] ISLAMICFIN: +45 rows (2026-01-21 -> 2026-04-07)
[190/398] ISLAMIINS: +45 rows (2026-01-21 -> 2026-04-07)
[191/398] ISNLTD: +45 rows (2026-01-21 -> 2026-04-07)
[192/398] ITC: +45 rows (2026-01-21 -> 2026-04-07)
[193/398] JAMUNABANK: +45 rows (2026-01-21 -> 2026-04-07)
[194/398] JAMUNAOIL: +45 rows (2026-01-21 -> 2026-04-07)
[195/398] JANATAINS: +45 rows (2026-01-21 -> 2026-04-07)
[196/398] JHRML: +45 rows (2026-01-21 -> 2026-04-07)
[197/398] JMISMDL: +45 rows (2026-01-21 -> 2026-04-07)
[198/398] JUTESPINN: +45 rows (2026-01-21 -> 2026-04-07)
[199/398] KARNAPHULI: +45 rows (2026-01-21 -> 2026-04-07)
[200/398] KAY&QUE: +45 rows (2026-01-21 -> 2026-04-07)
[201/398] KBPPWBIL: +45 rows (2026-01-21 -> 2026-04-07)
[202/398] KDSALTD: +45 rows (2026-01-21 -> 2026-04-07)
[203/398] KEYACOSMET: +45 rows (2026-01-21 -> 2026-04-07)
[204/398] KOHINOOR: +45 rows (2026-01-21 -> 2026-04-07)
[205/398] KPCL: +45 rows (2026-01-21 -> 2026-04-07)
[206/398] KPPL: +45 rows (2026-01-21 -> 2026-04-07)
[207/398] KTL: +45 rows (2026-01-21 -> 2026-04-07)
[208/398] LANKABAFIN: +45 rows (2026-01-21 -> 2026-04-07)
[209/398] LEGACYFOOT: +45 rows (2026-01-21 -> 2026-04-07)
[210/398] LHBL: nothing newer than 2024-10-08
[211/398] LIBRAINFU: +45 rows (2026-01-21 -> 2026-04-07)
[212/398] LINDEBD: +45 rows (2026-01-21 -> 2026-04-07)
[213/398] LOVELLO: +45 rows (2026-01-21 -> 2026-04-07)
[214/398] LRBDL: +45 rows (2026-01-21 -> 2026-04-07)
[215/398] LRGLOBMF1: +45 rows (2026-01-21 -> 2026-04-07)
[216/398] MAKSONSPIN: +45 rows (2026-01-21 -> 2026-04-07)
[217/398] MALEKSPIN: +45 rows (2026-01-21 -> 2026-04-07)
[218/398] MARICO: +45 rows (2026-01-21 -> 2026-04-07)
[219/398] MATINSPINN: +45 rows (2026-01-21 -> 2026-04-07)
[220/398] MBL1STMF: +45 rows (2026-01-21 -> 2026-04-07)
[221/398] MEGCONMILK: +45 rows (2026-01-21 -> 2026-04-07)
[222/398] MEGHNACEM: +45 rows (2026-01-21 -> 2026-04-07)
[223/398] MEGHNAINS: +45 rows (2026-01-21 -> 2026-04-07)
[224/398] MEGHNALIFE: +45 rows (2026-01-21 -> 2026-04-07)
[225/398] MEGHNAPET: +45 rows (2026-01-21 -> 2026-04-07)
[226/398] MERCANBANK: +45 rows (2026-01-21 -> 2026-04-07)
[227/398] MERCINS: +45 rows (2026-01-21 -> 2026-04-07)
[228/398] METROSPIN: +45 rows (2026-01-21 -> 2026-04-07)
[229/398] MHSML: +45 rows (2026-01-21 -> 2026-04-07)
[230/398] MIDASFIN: +45 rows (2026-01-21 -> 2026-04-07)
[231/398] MIDLANDBNK: +45 rows (2026-01-21 -> 2026-04-07)
[232/398] MIRACLEIND: +45 rows (2026-01-21 -> 2026-04-07)
[233/398] MIRAKHTER: +45 rows (2026-01-21 -> 2026-04-07)
[234/398] MITHUNKNIT: +45 rows (2026-01-21 -> 2026-04-07)
[235/398] MJLBD: +45 rows (2026-01-21 -> 2026-04-07)
[236/398] MLDYEING: +45 rows (2026-01-21 -> 2026-04-07)
[237/398] MONNOAGML: +45 rows (2026-01-21 -> 2026-04-07)
[238/398] MONNOCERA: +45 rows (2026-01-21 -> 2026-04-07)
[239/398] MONNOFABR: +45 rows (2026-01-21 -> 2026-04-07)
[240/398] MONOSPOOL: +45 rows (2026-01-21 -> 2026-04-07)
[241/398] MPETROLEUM: +45 rows (2026-01-21 -> 2026-04-07)
[242/398] MTB: +45 rows (2026-01-21 -> 2026-04-07)
[243/398] NAHEEACP: +45 rows (2026-01-21 -> 2026-04-07)
[244/398] NATLIFEINS: +45 rows (2026-01-21 -> 2026-04-07)
[245/398] NAVANACNG: +45 rows (2026-01-21 -> 2026-04-07)
[246/398] NAVANAPHAR: +45 rows (2026-01-21 -> 2026-04-07)
[247/398] NBL: +45 rows (2026-01-21 -> 2026-04-07)
[248/398] NCCBANK: +45 rows (2026-01-21 -> 2026-04-07)
[249/398] NCCBLMF1: +45 rows (2026-01-21 -> 2026-04-07)
[250/398] NEWLINE: +45 rows (2026-01-21 -> 2026-04-07)
[251/398] NFML: +45 rows (2026-01-21 -> 2026-04-07)
[252/398] NHFIL: +45 rows (2026-01-21 -> 2026-04-07)
[253/398] NITOLINS: +45 rows (2026-01-21 -> 2026-04-07)
[254/398] NORTHERN: +45 rows (2026-01-21 -> 2026-04-07)
[255/398] NORTHRNINS: +45 rows (2026-01-21 -> 2026-04-07)
[256/398] NPOLYMER: +45 rows (2026-01-21 -> 2026-04-07)
[257/398] NRBCBANK: +45 rows (2026-01-21 -> 2026-04-07)
[258/398] NTC: +45 rows (2026-01-21 -> 2026-04-07)
[259/398] NTLTUBES: +45 rows (2026-01-21 -> 2026-04-07)
[260/398] NURANI: +45 rows (2026-01-21 -> 2026-04-07)
[261/398] OAL: +45 rows (2026-01-21 -> 2026-04-07)
[262/398] OIMEX: +45 rows (2026-01-21 -> 2026-04-07)
[263/398] OLYMPIC: +45 rows (2026-01-21 -> 2026-04-07)
[264/398] ONEBANKPLC: +45 rows (2026-01-21 -> 2026-04-07)
[265/398] ORIONINFU: +45 rows (2026-01-21 -> 2026-04-07)
[266/398] ORIONPHARM: +45 rows (2026-01-21 -> 2026-04-07)
[267/398] PADMALIFE: +45 rows (2026-01-21 -> 2026-04-07)
[268/398] PADMAOIL: +45 rows (2026-01-21 -> 2026-04-07)
[269/398] PAPERPROC: nothing newer than 2025-03-13
[270/398] PARAMOUNT: +45 rows (2026-01-21 -> 2026-04-07)
[271/398] PDL: +45 rows (2026-01-21 -> 2026-04-07)
[272/398] PENINSULA: +45 rows (2026-01-21 -> 2026-04-07)
[273/398] PEOPLESINS: +45 rows (2026-01-21 -> 2026-04-07)
[274/398] PF1STMF: +45 rows (2026-01-21 -> 2026-04-07)
[275/398] PHARMAID: +45 rows (2026-01-21 -> 2026-04-07)
[276/398] PHENIXINS: +45 rows (2026-01-21 -> 2026-04-07)
[277/398] PHOENIXFIN: +45 rows (2026-01-21 -> 2026-04-07)
[278/398] PHPMF1: +45 rows (2026-01-21 -> 2026-04-07)
[279/398] PIONEERINS: +45 rows (2026-01-21 -> 2026-04-07)
[280/398] POPULAR1MF: +45 rows (2026-01-21 -> 2026-04-07)
[281/398] POPULARLIF: +45 rows (2026-01-21 -> 2026-04-07)
[282/398] POWERGRID: +45 rows (2026-01-21 -> 2026-04-07)
[283/398] PRAGATIINS: +45 rows (2026-01-21 -> 2026-04-07)
[284/398] PRAGATILIF: +45 rows (2026-01-21 -> 2026-04-07)
[285/398] PREMIERBAN: +45 rows (2026-01-21 -> 2026-04-07)
[286/398] PREMIERCEM: +45 rows (2026-01-21 -> 2026-04-07)
[287/398] PREMIERLEA: +45 rows (2026-01-21 -> 2026-04-07)
[288/398] PRIME1ICBA: +45 rows (2026-01-21 -> 2026-04-07)
[289/398] PRIMEBANK: +45 rows (2026-01-21 -> 2026-04-07)
[290/398] PRIMEFIN: +45 rows (2026-01-21 -> 2026-04-07)
[291/398] PRIMEINSUR: +45 rows (2026-01-21 -> 2026-04-07)
[292/398] PRIMELIFE: +45 rows (2026-01-21 -> 2026-04-07)
[293/398] PRIMETEX: +45 rows (2026-01-21 -> 2026-04-07)
[294/398] PROGRESLIF: +45 rows (2026-01-21 -> 2026-04-07)
[295/398] PROVATIINS: +45 rows (2026-01-21 -> 2026-04-07)
[296/398] PTL: +45 rows (2026-01-21 -> 2026-04-07)
[297/398] PUBALIBANK: +45 rows (2026-01-21 -> 2026-04-07)
[298/398] PURABIGEN: +45 rows (2026-01-21 -> 2026-04-07)
[299/398] QUASEMIND: +45 rows (2026-01-21 -> 2026-04-07)
[300/398] QUEENSOUTH: +45 rows (2026-01-21 -> 2026-04-07)
[301/398] RAHIMAFOOD: +45 rows (2026-01-21 -> 2026-04-07)
[302/398] RAHIMTEXT: +45 rows (2026-01-21 -> 2026-04-07)
[303/398] RAKCERAMIC: +45 rows (2026-01-21 -> 2026-04-07)
[304/398] RANFOUNDRY: +45 rows (2026-01-21 -> 2026-04-07)
[305/398] RDFOOD: +45 rows (2026-01-21 -> 2026-04-07)
[306/398] RECKITTBEN: +45 rows (2026-01-21 -> 2026-04-07)
[307/398] REGENTTEX: +45 rows (2026-01-21 -> 2026-04-07)
[308/398] RELIANCE1: +45 rows (2026-01-21 -> 2026-04-07)
[309/398] RELIANCINS: +45 rows (2026-01-21 -> 2026-04-07)
[310/398] RENATA: +45 rows (2026-01-21 -> 2026-04-07)
[311/398] RENWICKJA: +45 rows (2026-01-21 -> 2026-04-07)
[312/398] REPUBLIC: +45 rows (2026-01-21 -> 2026-04-07)
[313/398] RINGSHINE: +45 rows (2026-01-21 -> 2026-04-07)
[314/398] RNSPIN: nothing newer than 2024-10-28
[315/398] ROBI: +45 rows (2026-01-21 -> 2026-04-07)
[316/398] RSRMSTEEL: +45 rows (2026-01-21 -> 2026-04-07)
[317/398] RUNNERAUTO: +45 rows (2026-01-21 -> 2026-04-07)
[318/398] RUPALIBANK: +45 rows (2026-01-21 -> 2026-04-07)
[319/398] RUPALIINS: +45 rows (2026-01-21 -> 2026-04-07)
[320/398] RUPALILIFE: +45 rows (2026-01-21 -> 2026-04-07)
[321/398] SAFKOSPINN: +45 rows (2026-01-21 -> 2026-04-07)
[322/398] SAIFPOWER: +45 rows (2026-01-21 -> 2026-04-07)
[323/398] SAIHAMCOT: +45 rows (2026-01-21 -> 2026-04-07)
[324/398] SAIHAMTEX: +45 rows (2026-01-21 -> 2026-04-07)
[325/398] SALAMCRST: +45 rows (2026-01-21 -> 2026-04-07)
[326/398] SALVOCHEM: nothing newer than 2025-12-11
[327/398] SAMATALETH: +45 rows (2026-01-21 -> 2026-04-07)
[328/398] SAMORITA: +45 rows (2026-01-21 -> 2026-04-07)
[329/398] SANDHANINS: +45 rows (2026-01-21 -> 2026-04-07)
[330/398] SAPORTL: +45 rows (2026-01-21 -> 2026-04-07)
[331/398] SAVAREFR: +45 rows (2026-01-21 -> 2026-04-07)
[332/398] SBACBANK: +45 rows (2026-01-21 -> 2026-04-07)
[333/398] SEAPEARL: +45 rows (2026-01-21 -> 2026-04-07)
[334/398] SEMLFBSLGF: +45 rows (2026-01-21 -> 2026-04-07)
[335/398] SEMLIBBLSF: +45 rows (2026-01-21 -> 2026-04-07)
[336/398] SEMLLECMF: +45 rows (2026-01-21 -> 2026-04-07)
[337/398] SHAHJABANK: +45 rows (2026-01-21 -> 2026-04-07)
[338/398] SHASHADNIM: +45 rows (2026-01-21 -> 2026-04-07)
[339/398] SHEPHERD: +45 rows (2026-01-21 -> 2026-04-07)
[340/398] SHURWID: +45 rows (2026-01-21 -> 2026-04-07)
[341/398] SHYAMPSUG: +45 rows (2026-01-21 -> 2026-04-07)
[342/398] SIBL: +45 rows (2026-01-21 -> 2026-04-07)
[343/398] SICL: +45 rows (2026-01-21 -> 2026-04-07)
[344/398] SILCOPHL: +45 rows (2026-01-21 -> 2026-04-07)
[345/398] SILVAPHL: +45 rows (2026-01-21 -> 2026-04-07)
[346/398] SIMTEX: +45 rows (2026-01-21 -> 2026-04-07)
[347/398] SINGERBD: +45 rows (2026-01-21 -> 2026-04-07)
[348/398] SINOBANGLA: +45 rows (2026-01-21 -> 2026-04-07)
[349/398] SKICL: nothing newer than 2024-09-08
[350/398] SKTRIMS: +45 rows (2026-01-21 -> 2026-04-07)
[351/398] SONALIANSH: +45 rows (2026-01-21 -> 2026-04-07)
[352/398] SONALILIFE: +43 rows (2026-01-21 -> 2026-04-05)
[353/398] SONALIPAPR: +45 rows (2026-01-21 -> 2026-04-07)
[354/398] SONARBAINS: +45 rows (2026-01-21 -> 2026-04-07)
[355/398] SONARGAON: +45 rows (2026-01-21 -> 2026-04-07)
[356/398] SOUTHEASTB: +45 rows (2026-01-21 -> 2026-04-07)
[357/398] SPCERAMICS: +45 rows (2026-01-21 -> 2026-04-07)
[358/398] SPCL: +45 rows (2026-01-21 -> 2026-04-07)
[359/398] SQUARETEXT: +45 rows (2026-01-21 -> 2026-04-07)
[360/398] SQURPHARMA: +45 rows (2026-01-21 -> 2026-04-07)
[361/398] SSSTEEL: +45 rows (2026-01-21 -> 2026-04-07)
[362/398] STANCERAM: +45 rows (2026-01-21 -> 2026-04-07)
[363/398] STANDARINS: +45 rows (2026-01-21 -> 2026-04-07)
[364/398] STANDBANKL: +45 rows (2026-01-21 -> 2026-04-07)
[365/398] STYLECRAFT: +45 rows (2026-01-21 -> 2026-04-07)
[366/398] SUMITPOWER: +45 rows (2026-01-21 -> 2026-04-07)
[367/398] SUNLIFEINS: +45 rows (2026-01-21 -> 2026-04-07)
[368/398] TAKAFULINS: +45 rows (2026-01-21 -> 2026-04-07)
[369/398] TALLUSPIN: +45 rows (2026-01-21 -> 2026-04-07)
[370/398] TAMIJTEX: +45 rows (2026-01-21 -> 2026-04-07)
[371/398] TILIL: +45 rows (2026-01-21 -> 2026-04-07)
[372/398] TITASGAS: +45 rows (2026-01-21 -> 2026-04-07)
[373/398] TOSRIFA: +45 rows (2026-01-21 -> 2026-04-07)
[374/398] TRUSTB1MF: +45 rows (2026-01-21 -> 2026-04-07)
[375/398] TRUSTBANK: +45 rows (2026-01-21 -> 2026-04-07)
[376/398] TUNGHAI: +45 rows (2026-01-21 -> 2026-04-07)
[377/398] UCB: +45 rows (2026-01-21 -> 2026-04-07)
[378/398] UNILEVERCL: +45 rows (2026-01-21 -> 2026-04-07)
[379/398] UNIONBANK: +45 rows (2026-01-21 -> 2026-04-07)
[380/398] UNIONCAP: +45 rows (2026-01-21 -> 2026-04-07)
[381/398] UNIONINS: +45 rows (2026-01-21 -> 2026-04-07)
[382/398] UNIQUEHRL: +45 rows (2026-01-21 -> 2026-04-07)
[383/398] UNITEDFIN: +45 rows (2026-01-21 -> 2026-04-07)
[384/398] UNITEDINS: +45 rows (2026-01-21 -> 2026-04-07)
[385/398] UPGDCL: +45 rows (2026-01-21 -> 2026-04-07)
[386/398] USMANIAGL: +45 rows (2026-01-21 -> 2026-04-07)
[387/398] UTTARABANK: +45 rows (2026-01-21 -> 2026-04-07)
[388/398] UTTARAFIN: +45 rows (2026-01-21 -> 2026-04-07)
[389/398] VAMLBDMF1: +45 rows (2026-01-21 -> 2026-04-07)
[390/398] VAMLRBBF: +45 rows (2026-01-21 -> 2026-04-07)
[391/398] VFSTDL: +45 rows (2026-01-21 -> 2026-04-07)
[392/398] WALTONHIL: +45 rows (2026-01-21 -> 2026-04-07)
[393/398] WATACHEM: +45 rows (2026-01-21 -> 2026-04-07)
[394/398] WMSHIPYARD: +45 rows (2026-01-21 -> 2026-04-07)
[395/398] YPL: +45 rows (2026-01-21 -> 2026-04-07)
[396/398] ZAHEENSPIN: +45 rows (2026-01-21 -> 2026-04-07)
[397/398] ZAHINTEX: +45 rows (2026-01-21 -> 2026-04-07)
[398/398] ZEALBANGLA: +45 rows (2026-01-21 -> 2026-04-07)
============================================================
Tickers processed : 398
Success           : 390
Nothing new       : 7
Failed            : 1
Total rows inserted: 17537
Failed tickers (1): IMAMBUTTON
== fill_gap done at 2026-04-08T13:17:39.780473 ==
